pipeline 运行时间：2026-05-13 09:27:12
============================================================

【新增法律】42 部
  其他：
    + [3500707] 关于处理自首和立功若干具体问题的意见  (2010-12-22)  category=司法解释
  刑法：
    + [3500684] 最高人民法院、最高人民检察院、中国海警局关于海上刑事案件管辖等有关问题的通知  (0000-00-00)  category=司法解释
    + [3500685] 最高人民法院、最高人民检察院、公安部、司法部关于依法惩治性侵害未成年人犯罪的意见  (0000-00-00)  category=司法解释
    + [3500686] 最高人民法院、最高人民检察院、公安部、司法部关于办理非法放贷刑事案件若干问题的意见  (0000-00-00)  category=司法解释
    + [3500687] 最高人民法院、最高人民检察院、公安部、司法部关于对判处管制、宣告缓刑的犯罪分子适用禁止令有关问题的规定（试行）  (0000-00-00)  category=司法解释
    + [3500688] 最高人民法院、最高人民检察院、公安部、国家安全部、司法部关于规范量刑程序若干问题的意见  (0000-00-00)  category=司法解释
    + [3500691] 最高人民法院、最高人民检察院、公安部关于办理非法集资刑事案件适用法律若干问题的意见  (0000-00-00)  category=司法解释
    + [3500693] 最高人民法院、最高人民检察院关于办理职务犯罪案件认定自首、立功等量刑情节若干问题的意见  (0000-00-00)  category=司法解释
    + [3500694] 最高人民法院关于审理洗钱等刑事案件具体应用法律若干问题的解释  (0000-00-00)  category=司法解释
    + [3500696] 最高人民法院关于审理破坏森林资源刑事案件具体应用法律若干问题的解释  (2000-11-17)  category=司法解释
    + [3500697] 最高人民法院关于刑事再审案件开庭审理程序的具体规定（试行）  (2001-10-18)  category=司法解释
    + [3500698] 人民检察院办理未成年人刑事案件的规定  (2002-03-25)  category=司法解释
    + [3500699] 全国人大常委会关于中华人民共和国刑法第三百一十三条的解释  (2002-08-29)  category=司法解释
    + [3500701] 最高人民法院、最高人民检察院关于办理侵犯知识产权刑事案件具体应用法律若干问题的解释  (2004-11-02)  category=司法解释
    + [3500703] 最高人民法院、最高人民检察院关于办理受贿刑事案件适用法律若干问题的意见  (2007-07-08)  category=司法解释
    + [3500704] 最高人民法院、最高人民检察院、公安部、国家安全部、司法部关于办理刑事案件排除非法证据若干问题的规定  (2010-06-13)  category=司法解释
    + [3500708] 最高人民法院、最高人民检察院关于办理妨害国(边)境管理刑事案件应用法律若干问题的解释  (2012-08-20)  category=司法解释
    + [3500709] 公安机关办理刑事案件程序规定  (2012-12-13)  category=司法解释
    + [3500710] 最高人民法院、最高人民检察院、公安部、国家安全部、司法部、全国人大常委会法制工作委员会关于实施刑事诉讼法若干问题的规定  (2012-12-26)  category=司法解释
    + [3500711] 最高人民法院关于建立健全防范刑事冤假错案工作机制的意见  (2013-10-09)  category=司法解释
    + [3500712] 最高人民法院、最高人民检察院、公安部关于办理网络犯罪案件适用刑事诉讼程序若干问题的意见  (2014-05-04)  category=司法解释
    + [3500713] 人民检察院办理减刑、假释案件规定  (2014-07-21)  category=司法解释
    + [3500715] 最高人民法院关于审理掩饰、隐瞒犯罪所得、犯罪所得收益刑事案件适用法律若干问题的解释  (2015-05-11)  category=司法解释
    + [3500716] 最高人民法院关于审理拒不执行判决、裁定刑事案件适用法律若干问题的解释  (2015-07-06)  category=司法解释
    + [3500718] 最高人民法院、最高人民检察院、公安部、国家安全部、司法部关于推进以审判为中心的刑事诉讼制度改革的意见  (2016-07-20)  category=司法解释
    + [3500719] 最高人民法院 最高人民检察院 公安部关于办理刑事案件收集提取和审查判断电子数据若干问题的规定  (2016-09-09)  category=司法解释
    + [3500720] 最高人民法院、最高人民检察院、公安部、国家安全部、司法部关于办理刑事案件严格排除非法证据若干问题的规定  (2017-06-20)  category=司法解释
    + [3500722] 最高人民法院、最高人民检察院、公安部关于办理盗窃油气、破坏油气设备等刑事案件适用法律若干问题的意见  (2018-09-28)  category=司法解释
    + [3500723] 最高人民法院、最高人民检察院关于办理组织考试作弊等刑事案件适用法律若干问题的解释  (2019-04-08)  category=司法解释
    + [3500724] 法律援助值班律师工作办法  (2020-08-20)  category=司法解释
    + [3500725] 最高人民法院、最高人民检察院关于办理侵犯知识产权刑事案件具体应用法律若干问题的解释(三)  (2020-08-31)  category=司法解释
  民法商法：
    + [3500689] 最高人民法院、最高人民检察院、公安部、国家安全部、司法部关于适用认罪认罚从宽制度的指导意见  (0000-00-00)  category=司法解释
    + [3500690] 最高人民法院、最高人民检察院、公安部、国家安全部关于取保候审若干问题的规定  (0000-00-00)  category=司法解释
    + [3500692] 最高人民法院、最高人民检察院、公安部印发关于依法适用正当防卫制度的指导意见的通知  (0000-00-00)  category=司法解释
    + [3500706] 最高人民法院关于审理政府信息公开行政案件若干问题的规定  (2010-12-13)  category=司法解释
    + [3500714] 最高人民法院关于办理死刑复核案件听取辩护律师意见的办法  (2015-01-29)  category=司法解释
    + [3500717] 最高人民法院、最高人民检察院、公安部、国家安全部、司法部关于依法保障律师执业权利的规定  (2015-09-16)  category=司法解释
  行政法：
    + [3500702] 行政机关公务员处分条例  (2007-04-04)  category=司法解释
  诉讼与非诉讼程序法：
    + [3500695] 最高人民法院关于人民法院执行中华人民共和国国家赔偿法几个问题的解释  (1996-05-06)  category=司法解释
    + [3500700] 关于审理行政案件适用法律规范问题的座谈会纪要  (2004-05-18)  category=司法解释
    + [3500705] 最高人民法院、最高人民检察院、公安部、国家安全部、司法部关于办理死刑案件审查判断证据若干问题的规定  (2010-06-13)  category=司法解释
    + [3500721] 最高人民法院、最高人民检察院、公安部、国家安全部、司法部关于开展法律援助值班律师工作的意见  (2017-08-29)  category=司法解释

【is_current 变化】无

【引用关系】总计 6610 条（+157）  跨法 3674（+118）  自引 2936（+39）  已解析 6526（+151）

【汇总】法律总数 1903 → 1945
