pipeline 运行时间：2026-08-01 09:27:25
============================================================

【新增法律】无

【移除法律】21 部
    - [3501083] 最高人民法院 最高人民检察院关于执行《中华人民共和国刑法》确定罪名的补充规定
    - [3501118] 最高人民法院 最高人民检察院关于办理非法制造、买卖、运输、储存毒鼠强等 禁用剧毒化学品刑事案件具体应用法律若干问题的解释
    - [3501119] 最高人民法院 最高人民检察院关于执行《中华人民共和国刑法》确定罪名的补充规定（二）
    - [3501205] 最高人民法院 最高人民检察院关于办理利用互联网、移动通讯终端、声讯台制作、复制、出版、贩卖、传播淫秽电子信息刑事案件具体应用法律若干问题的解释（二）
    - [3501221] 最高人民法院 最高人民检察院关于执行《中华人民共和国刑法》确定罪名的补充规定（五）
    - [3501300] 最高人民法院 最高人民检察院关于执行《中华人民共和国刑法》确定罪名的补充规定（六）
    - [3501347] 最高人民法院 最高人民检察院关于检察公益诉讼案件适用法律若干问题的解释
    - [3501377] 最高人民法院关于适用《中华人民共和国外商投资法》 若干问题的解释法释
    - [3501385] 最高人民法院 最高人民检察院关于办理侵犯知识产权刑事案件具体应用法律若干问题的解释（三）
    - [3501400] 最高人民法院关于审理军队、武警部队、政法机关移交、撤销 企业和与党政机关脱钩企业相关纠纷案件若干问题的规定
    - [3501452] 最高人民法院 最高人民检察院关于执行《中华人民共和国刑法》确定罪名的补充规定（八）
    - [3501462] 最高人民法院 最高人民检察院关于办理拒不执行判决、裁定刑事案件  适用法律若干问题的解释
    - [3501465] 最高人民法院关于适用《中华人民共和国民法典》 婚姻家庭编的解释（二）
    - [3501471] 最高人民法院　最高人民检察院　关于办理破坏黑土地资源刑事案件适用法律若干问题的解释
    - [3501474] 最高人民法院　关于审理执行异议之诉案件适用法律问题的解释
    - [3501475] 最高人民法院　关于审理劳动争议案件适用法律问题的解释（二）
    - [3501476] 最高人民法院　关于审理涉专利权评价报告案件适用法律问题的批复
    - [3501477] 最高人民法院　最高人民检察院　关于办理掩饰、隐瞒犯罪所得、犯罪所得收益刑事案件适用法律若干问题的解释
    - [3501478] 最高人民法院　关于互联网法院案件管辖的规定
    - [3501480] 最高人民法院　关于基本医疗保险基金先行支付申请条件法律适用问题的批复
    - [3501481] 最高人民法院　关于审理矿产资源纠纷案件适用法律若干问题的解释

【is_current 变化】无

【引用关系】总计 7533 条（+0）  跨法 4456（+0）  自引 3077（+0）  已解析 7362（+0）

【汇总】法律总数 2701 → 2680
