待翻译：860 篇（来源=judicial_doc）
  完成：20/860（最近 33s）
  完成：40/860（最近 14s）
  完成：60/860（最近 32s）
  完成：80/860（最近 39s）
  完成：100/860（最近 84s）
  完成：120/860（最近 14s）
  完成：140/860（最近 48s）
  完成：160/860（最近 40s）
  完成：180/860（最近 38s）
  完成：200/860（最近 14s）
  完成：220/860（最近 37s）
  完成：240/860（最近 32s）
  完成：260/860（最近 15s）
  完成：280/860（最近 227s）
  完成：300/860（最近 77s）
  完成：320/860（最近 62s）
  完成：340/860（最近 69s）
  完成：360/860（最近 12s）
  完成：380/860（最近 12s）
  完成：400/860（最近 26s）
  完成：420/860（最近 37s）
  完成：440/860（最近 105s）
  完成：460/860（最近 29s）
  完成：480/860（最近 21s）
  完成：500/860（最近 80s）
  完成：520/860（最近 84s）
  完成：540/860（最近 36s）
  完成：560/860（最近 31s）
  完成：580/860（最近 31s）
  完成：600/860（最近 27s）
  完成：620/860（最近 99s）
  [2062] The read operation timed out, 1s 后重试 (1/5)
  [2068] The read operation timed out, 1s 后重试 (1/5)
  [2069] The read operation timed out, 1s 后重试 (1/5)
  [2070] The read operation timed out, 2s 后重试 (1/5)
  完成：640/860（最近 14s）
  完成：660/860（最近 19s）
  完成：680/860（最近 18s）
  完成：700/860（最近 27s）
  完成：720/860（最近 24s）
  [2168] <urlopen error [Errno 60] Operation timed out>, 1s 后重试 (1/5)
  完成：740/860（最近 84s）
  完成：760/860（最近 81s）
  完成：780/860（最近 49s）
  完成：800/860（最近 33s）
  完成：820/860（最近 34s）
  完成：840/860（最近 23s）
  完成：860/860（最近 114s）

完成：860/860 篇
